Archive member included because of file (symbol)

/usr/local/gcc-arm-none-eabi-4_7-2013q3/bin/../lib/gcc/arm-none-eabi/4.7.4/../../../../arm-none-eabi/lib/armv7e-m/libg.a(lib_a-errno.o)
                              ./libs/misc/src/_sbrk.o (__errno)
/usr/local/gcc-arm-none-eabi-4_7-2013q3/bin/../lib/gcc/arm-none-eabi/4.7.4/../../../../arm-none-eabi/lib/armv7e-m/libg.a(lib_a-impure.o)
                              /usr/local/gcc-arm-none-eabi-4_7-2013q3/bin/../lib/gcc/arm-none-eabi/4.7.4/../../../../arm-none-eabi/lib/armv7e-m/libg.a(lib_a-errno.o) (_impure_ptr)
/usr/local/gcc-arm-none-eabi-4_7-2013q3/bin/../lib/gcc/arm-none-eabi/4.7.4/../../../../arm-none-eabi/lib/armv7e-m/libg.a(lib_a-memset.o)
                              ./RTOS/uLipe_Task.o (memset)

Allocating common symbols
Common symbol       size              file

TaskTryStack8       0x100             ./src/tasks.o
TaskTryStack6       0x100             ./src/tasks.o
TaskTryStack7       0x100             ./src/tasks.o
axButtonTaskStack   0x100             ./src/ ButtonTask.o
TaskTryStack2       0x100             ./src/tasks.o
abReadyListGrp      0x8               ./RTOS/uLipe_Core.o
TaskTryStack4       0x100             ./src/tasks.o
axIdleTaskStack     0x100             ./RTOS/uLipe_Core.o
axLedTaskStack      0x100             ./src/LedTask.o
TaskTryStack3       0x100             ./src/tasks.o
TaskTryStack        0x100             ./src/tasks.o
axTaskList          0xc00             ./RTOS/uLipe_Task.o
TaskTryStcack       0x100             ./src/tasks.o
TaskTryStack5       0x100             ./src/tasks.o

Discarded input sections

 .group         0x0000000000000000        0x8 ./src/ ButtonTask.o
 .group         0x0000000000000000        0x8 ./src/ ButtonTask.o
 .group         0x0000000000000000        0x8 ./src/ ButtonTask.o
 .group         0x0000000000000000        0x8 ./src/ ButtonTask.o
 .group         0x0000000000000000        0x8 ./src/ ButtonTask.o
 .group         0x0000000000000000        0x8 ./src/ ButtonTask.o
 .group         0x0000000000000000        0x8 ./src/ ButtonTask.o
 .group         0x0000000000000000        0x8 ./src/ ButtonTask.o
 .group         0x0000000000000000        0x8 ./src/ ButtonTask.o
 .group         0x0000000000000000        0x8 ./src/ ButtonTask.o
 .group         0x0000000000000000        0x8 ./src/ ButtonTask.o
 .group         0x0000000000000000        0x8 ./src/ ButtonTask.o
 .group         0x0000000000000000        0x8 ./src/ ButtonTask.o
 .group         0x0000000000000000        0x8 ./src/ ButtonTask.o
 .group         0x0000000000000000        0x8 ./src/ ButtonTask.o
 .group         0x0000000000000000        0x8 ./src/ ButtonTask.o
 .group         0x0000000000000000        0x8 ./src/ ButtonTask.o
 .group         0x0000000000000000        0x8 ./src/ ButtonTask.o
 .group         0x0000000000000000        0x8 ./src/ ButtonTask.o
 .group         0x0000000000000000        0x8 ./src/ ButtonTask.o
 .group         0x0000000000000000        0x8 ./src/ ButtonTask.o
 .group         0x0000000000000000        0x8 ./src/ ButtonTask.o
 .group         0x0000000000000000        0x8 ./src/ ButtonTask.o
 .group         0x0000000000000000        0x8 ./src/ ButtonTask.o
 .group         0x0000000000000000        0x8 ./src/ ButtonTask.o
 .group         0x0000000000000000        0x8 ./src/ ButtonTask.o
 .group         0x0000000000000000        0x8 ./src/ ButtonTask.o
 .group         0x0000000000000000        0x8 ./src/ ButtonTask.o
 .group         0x0000000000000000        0x8 ./src/ ButtonTask.o
 .group         0x0000000000000000        0x8 ./src/ ButtonTask.o
 .group         0x0000000000000000        0x8 ./src/ ButtonTask.o
 .group         0x0000000000000000        0x8 ./src/ ButtonTask.o
 .group         0x0000000000000000        0x8 ./src/ ButtonTask.o
 .group         0x0000000000000000        0x8 ./src/ ButtonTask.o
 .group         0x0000000000000000        0x8 ./src/ ButtonTask.o
 .group         0x0000000000000000        0x8 ./src/ ButtonTask.o
 .group         0x0000000000000000        0x8 ./src/ ButtonTask.o
 .group         0x0000000000000000        0x8 ./src/ ButtonTask.o
 .group         0x0000000000000000        0x8 ./src/ ButtonTask.o
 .group         0x0000000000000000        0x8 ./src/ ButtonTask.o
 .group         0x0000000000000000        0x8 ./src/ ButtonTask.o
 .group         0x0000000000000000        0x8 ./src/ ButtonTask.o
 .text          0x0000000000000000        0x0 ./src/ ButtonTask.o
 .data          0x0000000000000000        0x0 ./src/ ButtonTask.o
 .bss           0x0000000000000000        0x0 ./src/ ButtonTask.o
 .group         0x0000000000000000        0x8 ./src/LedTask.o
 .group         0x0000000000000000        0x8 ./src/LedTask.o
 .group         0x0000000000000000        0x8 ./src/LedTask.o
 .group         0x0000000000000000        0x8 ./src/LedTask.o
 .group         0x0000000000000000        0x8 ./src/LedTask.o
 .group         0x0000000000000000        0x8 ./src/LedTask.o
[...]
Memory Configuration

Name             Origin             Length             Attributes
RAM              0x0000000020000000 0x0000000000020000 xrw
CCMRAM           0x0000000010000000 0x0000000000010000 xrw
FLASH            0x0000000008000000 0x0000000000100000 xr
FLASHB1          0x0000000000000000 0x0000000000000000 xr
EXTMEMB0         0x0000000000000000 0x0000000000000000 xr
EXTMEMB1         0x0000000000000000 0x0000000000000000 xr
EXTMEMB2         0x0000000000000000 0x0000000000000000 xr
EXTMEMB3         0x0000000000000000 0x0000000000000000 xr
MEMORY_ARRAY     0x0000000020002000 0x0000000000000020 xrw
*default*        0x0000000000000000 0xffffffffffffffff

Linker script and memory map

LOAD ./src/ ButtonTask.o
LOAD ./src/LedTask.o
LOAD ./src/main.o
LOAD ./src/tasks.o
LOAD ./libs/misc/src/_sbrk.o
LOAD ./libs/misc/src/_write.o
LOAD ./libs/misc/src/trace_impl.o
LOAD ./libs/StdPeriph/src/misc.o
LOAD ./libs/StdPeriph/src/stm32f4xx_adc.o
LOAD ./libs/StdPeriph/src/stm32f4xx_can.o
LOAD ./libs/StdPeriph/src/stm32f4xx_crc.o
LOAD ./libs/StdPeriph/src/stm32f4xx_cryp.o
LOAD ./libs/StdPeriph/src/stm32f4xx_cryp_aes.o
LOAD ./libs/StdPeriph/src/stm32f4xx_cryp_des.o
LOAD ./libs/StdPeriph/src/stm32f4xx_cryp_tdes.o
LOAD ./libs/StdPeriph/src/stm32f4xx_dac.o
LOAD ./libs/StdPeriph/src/stm32f4xx_dbgmcu.o
LOAD ./libs/StdPeriph/src/stm32f4xx_dcmi.o
LOAD ./libs/StdPeriph/src/stm32f4xx_dma.o
LOAD ./libs/StdPeriph/src/stm32f4xx_dma2d.o
LOAD ./libs/StdPeriph/src/stm32f4xx_exti.o
LOAD ./libs/StdPeriph/src/stm32f4xx_flash.o
LOAD ./libs/StdPeriph/src/stm32f4xx_fmc.o
LOAD ./libs/StdPeriph/src/stm32f4xx_fsmc.o
LOAD ./libs/StdPeriph/src/stm32f4xx_gpio.o
LOAD ./libs/StdPeriph/src/stm32f4xx_hash.o
LOAD ./libs/StdPeriph/src/stm32f4xx_hash_md5.o
LOAD ./libs/StdPeriph/src/stm32f4xx_hash_sha1.o
LOAD ./libs/StdPeriph/src/stm32f4xx_i2c.o
LOAD ./libs/StdPeriph/src/stm32f4xx_iwdg.o
LOAD ./libs/StdPeriph/src/stm32f4xx_ltdc.o
LOAD ./libs/StdPeriph/src/stm32f4xx_pwr.o
LOAD ./libs/StdPeriph/src/stm32f4xx_rcc.o
LOAD ./libs/StdPeriph/src/stm32f4xx_rng.o
LOAD ./libs/StdPeriph/src/stm32f4xx_rtc.o
LOAD ./libs/StdPeriph/src/stm32f4xx_sai.o
LOAD ./libs/StdPeriph/src/stm32f4xx_sdio.o
LOAD ./libs/StdPeriph/src/stm32f4xx_spi.o
LOAD ./libs/StdPeriph/src/stm32f4xx_syscfg.o
LOAD ./libs/StdPeriph/src/stm32f4xx_tim.o
LOAD ./libs/StdPeriph/src/stm32f4xx_usart.o
LOAD ./libs/StdPeriph/src/stm32f4xx_wwdg.o
LOAD ./libs/CMSIS/src/startup_cm.o
LOAD ./libs/CMSIS/src/startup_stm32f4xx.o
LOAD ./libs/CMSIS/src/system_stm32f4xx.o
LOAD ./libs/CMSIS/src/vectors_stm32f4xx.o
LOAD ./RTOS/AsmStuff.o
LOAD ./RTOS/uLipe_Core.o
LOAD ./RTOS/uLipe_Task.o
START GROUP
LOAD /usr/local/gcc-arm-none-eabi-4_7-2013q3/bin/../lib/gcc/arm-none-eabi/4.7.4/armv7e-m/libgcc.a
LOAD /usr/local/gcc-arm-none-eabi-4_7-2013q3/bin/../lib/gcc/arm-none-eabi/4.7.4/../../../../arm-none-eabi/lib/armv7e-m/libg.a
LOAD /usr/local/gcc-arm-none-eabi-4_7-2013q3/bin/../lib/gcc/arm-none-eabi/4.7.4/../../../../arm-none-eabi/lib/armv7e-m/libc.a
END GROUP
START GROUP
LOAD /usr/local/gcc-arm-none-eabi-4_7-2013q3/bin/../lib/gcc/arm-none-eabi/4.7.4/armv7e-m/libgcc.a
LOAD /usr/local/gcc-arm-none-eabi-4_7-2013q3/bin/../lib/gcc/arm-none-eabi/4.7.4/../../../../arm-none-eabi/lib/armv7e-m/libg.a
LOAD /usr/local/gcc-arm-none-eabi-4_7-2013q3/bin/../lib/gcc/arm-none-eabi/4.7.4/../../../../arm-none-eabi/lib/armv7e-m/libc.a
LOAD /usr/local/gcc-arm-none-eabi-4_7-2013q3/bin/../lib/gcc/arm-none-eabi/4.7.4/../../../../arm-none-eabi/lib/armv7e-m/libm.a
LOAD /usr/local/gcc-arm-none-eabi-4_7-2013q3/bin/../lib/gcc/arm-none-eabi/4.7.4/../../../../arm-none-eabi/lib/armv7e-m/libnosys.a
END GROUP
                0x0000000020020000                __stack = (ORIGIN (RAM) + 0x20000)
                0x0000000020020000                _estack = __stack
                0x0000000000000400                __Main_Stack_Size = 0x400
                0x0000000000000400                PROVIDE (_Main_Stack_Size, __Main_Stack_Size)
                0x000000002001fc00                __Main_Stack_Limit = (__stack - __Main_Stack_Size)
                0x000000002001fc00                PROVIDE (_Main_Stack_Limit, __Main_Stack_Limit)
                0x0000000000000100                _Minimum_Stack_Size = 0x100
                0x0000000020000f20                PROVIDE (_Heap_Begin, _end_noinit)
                0x000000002001fc00                PROVIDE (_Heap_Limit, (__stack - _Main_Stack_Size))

.isr_vector     0x0000000008000000      0x274
                0x0000000008000000                . = ALIGN (0x4)
 *(.isr_vector)
 .isr_vector    0x0000000008000000      0x188 ./libs/CMSIS/src/vectors_stm32f4xx.o
                0x0000000008000000                g_pfnVectors
 *(.after_vectors .after_vectors.*)
 .after_vectors
                0x0000000008000188       0xa4 ./libs/CMSIS/src/startup_cm.o
                0x0000000008000188                Reset_Handler
                0x00000000080001d4                system_init
 .after_vectors
                0x000000000800022c       0x48 ./libs/CMSIS/src/vectors_stm32f4xx.o
                0x000000000800022c                DMA1_Stream3_IRQHandler
                0x000000000800022c                HASH_RNG_IRQHandler
                0x000000000800022c                EXTI2_IRQHandler
                0x000000000800022c                TIM8_CC_IRQHandler
                0x000000000800022c                USART1_IRQHandler
                0x000000000800022c                OTG_FS_IRQHandler
                0x000000000800022c                SPI3_IRQHandler
                0x000000000800022c                DMA1_Stream4_IRQHandler
                0x000000000800022c                I2C1_ER_IRQHandler
                0x000000000800022c                DMA2_Stream6_IRQHandler
                0x000000000800022c                RTC_Alarm_IRQHandler
                0x000000000800022c                TIM1_CC_IRQHandler
                0x000000000800022c                DMA2_Stream5_IRQHandler
                0x000000000800022c                DMA1_Stream5_IRQHandler
                0x000000000800022c                PVD_IRQHandler
                0x000000000800022c                SDIO_IRQHandler
                0x000000000800022c                TAMP_STAMP_IRQHandler
                0x000000000800022c                CAN2_RX1_IRQHandler
                0x000000000800022c                EXTI3_IRQHandler
                0x000000000800022c                TIM8_TRG_COM_TIM14_IRQHandler
                0x000000000800022c                TIM1_UP_TIM10_IRQHandler
                0x000000000800022c                TIM8_UP_TIM13_IRQHandler
                0x000000000800022c                I2C3_ER_IRQHandler
                0x000000000800022c                EXTI0_IRQHandler
                0x000000000800022c                I2C2_EV_IRQHandler
                0x000000000800022c                DMA1_Stream2_IRQHandler
                0x000000000800022c                CAN1_RX0_IRQHandler
                0x000000000800022c                FPU_IRQHandler
                0x000000000800022c                OTG_HS_WKUP_IRQHandler
                0x000000000800022c                CAN2_SCE_IRQHandler
                0x000000000800022c                DMA2_Stream2_IRQHandler
                0x000000000800022c                SPI1_IRQHandler
                0x000000000800022c                TIM6_DAC_IRQHandler
                0x000000000800022c                TIM1_BRK_TIM9_IRQHandler
                0x000000000800022c                DCMI_IRQHandler
                0x000000000800022c                CAN2_RX0_IRQHandler
                0x000000000800022c                DMA2_Stream3_IRQHandler
                0x000000000800022c                USART6_IRQHandler
                0x000000000800022c                USART3_IRQHandler
                0x000000000800022c                CRYP_IRQHandler
                0x000000000800022c                CAN1_RX1_IRQHandler
                0x000000000800022c                UART5_IRQHandler
                0x000000000800022c                DMA2_Stream0_IRQHandler
                0x000000000800022c                TIM4_IRQHandler
                0x000000000800022c                I2C1_EV_IRQHandler
                0x000000000800022c                DMA1_Stream6_IRQHandler
                0x000000000800022c                DMA1_Stream1_IRQHandler
                0x000000000800022c                UART4_IRQHandler
                0x000000000800022c                TIM3_IRQHandler
                0x000000000800022c                RCC_IRQHandler
                0x000000000800022c                TIM8_BRK_TIM12_IRQHandler
                0x000000000800022c                Default_Handler
                0x000000000800022c                EXTI15_10_IRQHandler
                0x000000000800022c                ADC_IRQHandler
                0x000000000800022c                DMA1_Stream7_IRQHandler
                0x000000000800022c                TIM7_IRQHandler
                0x000000000800022c                CAN2_TX_IRQHandler
                0x000000000800022c                TIM5_IRQHandler
                0x000000000800022c                DMA2_Stream7_IRQHandler
                0x000000000800022c                I2C3_EV_IRQHandler
                0x000000000800022c                EXTI9_5_IRQHandler
                0x000000000800022c                RTC_WKUP_IRQHandler
                0x000000000800022c                ETH_WKUP_IRQHandler
                0x000000000800022c                SPI2_IRQHandler
                0x000000000800022c                OTG_HS_EP1_IN_IRQHandler
                0x000000000800022c                DMA1_Stream0_IRQHandler
                0x000000000800022c                CAN1_TX_IRQHandler
                0x000000000800022c                EXTI4_IRQHandler
                0x000000000800022c                FSMC_IRQHandler
                0x000000000800022c                ETH_IRQHandler
                0x000000000800022c                OTG_HS_EP1_OUT_IRQHandler
                0x000000000800022c                WWDG_IRQHandler
                0x000000000800022c                TIM2_IRQHandler
                0x000000000800022c                OTG_FS_WKUP_IRQHandler
                0x000000000800022c                TIM1_TRG_COM_TIM11_IRQHandler
                0x000000000800022c                OTG_HS_IRQHandler
                0x000000000800022c                EXTI1_IRQHandler
                0x000000000800022c                USART2_IRQHandler
                0x000000000800022c                I2C2_ER_IRQHandler
                0x000000000800022c                DMA2_Stream1_IRQHandler
                0x000000000800022c                CAN1_SCE_IRQHandler
                0x000000000800022c                FLASH_IRQHandler
                0x000000000800022c                DMA2_Stream4_IRQHandler
                0x0000000008000234                NMI_Handler
                0x000000000800023c                HardFault_Handler
                0x0000000008000244                MemManage_Handler
                0x000000000800024c                BusFault_Handler
                0x0000000008000254                UsageFault_Handler
                0x000000000800025c                SVC_Handler
                0x0000000008000264                DebugMon_Handler
                0x0000000008000274                . = ALIGN (0x4)

._inits         0x0000000008000274        0x4
                0x0000000008000274                . = ALIGN (0x4)
 *(.init)
 *(.fini)
                0x0000000008000274                . = ALIGN (0x4)
                0x0000000008000274                PROVIDE (__preinit_array_start, .)
 *(.preinit_array_sysinit .preinit_array_sysinit.*)
 .preinit_array_sysinit
                0x0000000008000274        0x4 ./libs/CMSIS/src/startup_cm.o
                0x0000000008000274                p_system_init
 *(.preinit_array_platform .preinit_array_platform.*)
 *(.preinit_array .preinit_array.*)
                0x0000000008000278                PROVIDE (__preinit_array_end, .)
                0x0000000008000278                . = ALIGN (0x4)
                0x0000000008000278                PROVIDE (__init_array_start, .)
 *(SORT(.init_array.*))
 *(.init_array)
                0x0000000008000278                PROVIDE (__init_array_end, .)
                0x0000000008000278                . = ALIGN (0x4)
                0x0000000008000278                PROVIDE (__fini_array_start, .)
 *(SORT(.fini_array.*))
 *(.fini_array)
                0x0000000008000278                PROVIDE (__fini_array_end, .)
                0x0000000008000278                . = ALIGN (0x4)

.flashtext      0x0000000008000278        0x0
                0x0000000008000278                . = ALIGN (0x4)
 *(.flashtext .flashtext.*)
                0x0000000008000278                . = ALIGN (0x4)

.text           0x0000000008000278     0x1270
                0x0000000008000278                . = ALIGN (0x4)
 *(.text .text.*)
 .text.vButtonTaskInit
                0x0000000008000278       0x40 ./src/ ButtonTask.o
                0x0000000008000278                vButtonTaskInit
 .text.bButtonGet
                0x00000000080002b8       0x18 ./src/ ButtonTask.o
                0x00000000080002b8                bButtonGet
 .text.vButtonMainTask
                0x00000000080002d0       0x94 ./src/ ButtonTask.o
                0x00000000080002d0                vButtonMainTask
 .text.vLedTaskInit
                0x0000000008000364       0x4c ./src/LedTask.o
                0x0000000008000364                vLedTaskInit
 .text.vLedSetValue
                0x00000000080003b0       0x78 ./src/LedTask.o
                0x00000000080003b0                vLedSetValue
 .text.vLedMainTask
                0x0000000008000428      0x154 ./src/LedTask.o
                0x0000000008000428                vLedMainTask
 .text.main     0x000000000800057c       0x88 ./src/main.o
                0x000000000800057c                main
 .text.__libc_init_array
                0x0000000008000604       0x90 ./libs/CMSIS/src/startup_cm.o
                0x0000000008000604                __libc_init_array
 .text.__libc_fini_array
                0x0000000008000694       0x50 ./libs/CMSIS/src/startup_cm.o
                0x0000000008000694                __libc_fini_array
 .text._exit    0x00000000080006e4        0xc ./libs/CMSIS/src/startup_stm32f4xx.o
                0x00000000080006e4                _exit
 .text.SystemInit
                0x00000000080006f0       0x94 ./libs/CMSIS/src/system_stm32f4xx.o
                0x00000000080006f0                SystemInit
 .text.SetSysClock
                0x0000000008000784      0x188 ./libs/CMSIS/src/system_stm32f4xx.o
 .text          0x000000000800090c       0xf4 ./RTOS/AsmStuff.o
                0x000000000800090c                Asm_LowLevelTickInit
                0x0000000008000932                Asm_CriticalIn
                0x000000000800093a                Asm_CriticalOut
                0x0000000008000942                Asm_IntLevelContextChange
                0x0000000008000950                Asm_TaskLevelContextChange
                0x000000000800095e                PendSV_Handler
 .text.Core_ReadyTask
                0x0000000008000a00       0x84 ./RTOS/uLipe_Core.o
                0x0000000008000a00                Core_ReadyTask
 .text.Core_UnreadyTask
                0x0000000008000a84       0xac ./RTOS/uLipe_Core.o
                0x0000000008000a84                Core_UnreadyTask
 .text.Core_Schedule
                0x0000000008000b30      0x12c ./RTOS/uLipe_Core.o
                0x0000000008000b30                Core_Schedule
 .text.Core_StackFrameCreate
                0x0000000008000c5c       0xc4 ./RTOS/uLipe_Core.o
                0x0000000008000c5c                Core_StackFrameCreate
 .text.Core_Init
                0x0000000008000d20       0x6c ./RTOS/uLipe_Core.o
                0x0000000008000d20                Core_Init
 .text.Core_Start
                0x0000000008000d8c       0x24 ./RTOS/uLipe_Core.o
                0x0000000008000d8c                Core_Start
 .text.Core_EnableSchedule
                0x0000000008000db0       0x18 ./RTOS/uLipe_Core.o
                0x0000000008000db0                Core_EnableSchedule
 .text.Core_IdleTask
                0x0000000008000dc8       0x2c ./RTOS/uLipe_Core.o
                0x0000000008000dc8                Core_IdleTask
 .text.Core_TimeTick
                0x0000000008000df4      0x128 ./RTOS/uLipe_Core.o
                0x0000000008000df4                Core_TimeTick
 .text.Task_InitBlocks
                0x0000000008000f1c       0xa0 ./RTOS/uLipe_Task.o
                0x0000000008000f1c                Task_InitBlocks
 .text.Task_Create
                0x0000000008000fbc      0x2d4 ./RTOS/uLipe_Task.o
                0x0000000008000fbc                Task_Create
 .text.memset   0x0000000008001290      0x12c /usr/local/gcc-arm-none-eabi-4_7-2013q3/bin/../lib/gcc/arm-none-eabi/4.7.4/../../../../arm-none-eabi/lib/armv7e-m/libg.a(lib_a-memset.o)
                0x0000000008001290                memset
 *(.rodata .rodata.*)
 .rodata        0x00000000080013bc       0x14 ./src/main.o
 .rodata.abBitPrioMask
                0x00000000080013d0        0x8 ./RTOS/uLipe_Core.o
                0x00000000080013d0                abBitPrioMask
 .rodata.abLeastBitMap
                0x00000000080013d8      0x100 ./RTOS/uLipe_Core.o
                0x00000000080013d8                abLeastBitMap
 .rodata        0x00000000080014d8       0x10 ./RTOS/uLipe_Core.o
 *(.eh_frame*)
 *(.glue_7)
 .glue_7        0x0000000000000000        0x0 linker stubs
 *(.glue_7t)
 .glue_7t       0x0000000000000000        0x0 linker stubs

.vfp11_veneer   0x00000000080014e8        0x0
 .vfp11_veneer  0x0000000000000000        0x0 linker stubs

.v4_bx          0x00000000080014e8        0x0
 .v4_bx         0x0000000000000000        0x0 linker stubs

.iplt           0x00000000080014e8        0x0
 .iplt          0x0000000000000000        0x0 ./src/ ButtonTask.o

.rel.dyn        0x00000000080014e8        0x0
 .rel.iplt      0x0000000000000000        0x0 ./src/ ButtonTask.o

.ARM.extab
 *(.ARM.extab* .gnu.linkonce.armextab.*)
                0x00000000080014e8                __exidx_start = .

.ARM.exidx
 *(.ARM.exidx* .gnu.linkonce.armexidx.*)
                0x00000000080014e8                __exidx_end = .
                0x00000000080014e8                . = ALIGN (0x4)
                0x00000000080014e8                _etext = .
                0x00000000080014e8                _sidata = _etext

.ROarraySection
 *(.ROarraySection .ROarraySection.*)

.data           0x0000000020000000        0x4 load address 0x00000000080014e8
                0x0000000020000000                . = ALIGN (0x4)
                0x0000000020000000                _sdata = .
                0x0000000020000000                __data_start__ = .
 *(vtable)
 *(.data .data.*)
 .data.bScheduleFlag
                0x0000000020000000        0x1 ./RTOS/uLipe_Core.o
                0x0000000020000000                bScheduleFlag
                0x0000000020000004                . = ALIGN (0x4)
 *fill*         0x0000000020000001        0x3 00
                0x0000000020000004                _edata = .
                0x0000000020000004                __data_end__ = .

.igot.plt       0x0000000020000004        0x0 load address 0x00000000080014ec
 .igot.plt      0x0000000000000000        0x0 ./src/ ButtonTask.o

.bss            0x0000000020000004      0xf1c load address 0x00000000080014ec
                0x0000000020000004                . = ALIGN (0x4)
                0x0000000020000004                __bss_start__ = .
                0x0000000020000004                _sbss = .
 *(.bss .bss.*)
 .bss.bButtonState
                0x0000000020000004        0x1 ./src/ ButtonTask.o
                0x0000000020000004                bButtonState
 *fill*         0x0000000020000005        0x3 00
 .bss.pxCurrentTask
                0x0000000020000008        0x4 ./RTOS/uLipe_Core.o
                0x0000000020000008                pxCurrentTask
 .bss.pxHighReadyTask
                0x000000002000000c        0x4 ./RTOS/uLipe_Core.o
                0x000000002000000c                pxHighReadyTask
 .bss.dTickCounter
                0x0000000020000010        0x4 ./RTOS/uLipe_Core.o
                0x0000000020000010                dTickCounter
 .bss.bOsEnable
                0x0000000020000014        0x1 ./RTOS/uLipe_Core.o
                0x0000000020000014                bOsEnable
 .bss.bReadyGroup
                0x0000000020000015        0x1 ./RTOS/uLipe_Core.o
                0x0000000020000015                bReadyGroup
 *(COMMON)
 *fill*         0x0000000020000016        0x2 00
 COMMON         0x0000000020000018      0x100 ./src/ ButtonTask.o
                0x0000000020000018                axButtonTaskStack
 COMMON         0x0000000020000118      0x100 ./src/LedTask.o
                0x0000000020000118                axLedTaskStack
 COMMON         0x0000000020000218      0x108 ./RTOS/uLipe_Core.o
                0x0000000020000218                abReadyListGrp
                0x0000000020000220                axIdleTaskStack
 COMMON         0x0000000020000320      0xc00 ./RTOS/uLipe_Task.o
                0x0000000020000320                axTaskList
                0x0000000020000f20                . = ALIGN (0x4)
                0x0000000020000f20                __bss_end__ = .
                0x0000000020000f20                _ebss = .

.noinit         0x0000000020000f20        0x0
                0x0000000020000f20                . = ALIGN (0x4)
                0x0000000020000f20                _noinit = .
 *(.noinit .noinit.*)
                0x0000000020000f20                . = ALIGN (0x4)
                0x0000000020000f20                _end_noinit = .
                0x0000000020000f20                PROVIDE (end, _end_noinit)
                0x0000000020000f20                PROVIDE (_end, _end_noinit)

._check_stack   0x0000000020000f20      0x100 load address 0x0000000008002408
                0x0000000020000f20                . = ALIGN (0x4)
                0x0000000020001020                . = (. + _Minimum_Stack_Size)
 *fill*         0x0000000020000f20      0x100 00
                0x0000000020001020                . = ALIGN (0x4)

.bss_CCMRAM
 *(.bss.CCMRAM .bss.CCMRAM.*)

.b1text
 *(.b1text)
 *(.b1rodata)
 *(.b1rodata.*)

.eb0text
 *(.eb0text)
 *(.eb0rodata)
 *(.eb0rodata.*)

.eb1text
 *(.eb1text)
 *(.eb1rodata)
 *(.eb1rodata.*)

.eb2text
 *(.eb2text)
 *(.eb2rodata)
 *(.eb2rodata.*)

.eb3text
 *(.eb3text)
 *(.eb3rodata)
 *(.eb3rodata.*)

.stab
 *(.stab)

.stabstr
 *(.stabstr)

.stab.excl
 *(.stab.excl)

.stab.exclstr
 *(.stab.exclstr)

.stab.index
 *(.stab.index)

.stab.indexstr
 *(.stab.indexstr)

.comment        0x0000000000000000       0x70
 *(.comment)
 .comment       0x0000000000000000       0x70 ./src/ ButtonTask.o
                                         0x71 (size before relaxing)
 .comment       0x0000000000000000       0x71 ./src/LedTask.o
 .comment       0x0000000000000000       0x71 ./src/main.o
 .comment       0x0000000000000000       0x71 ./libs/CMSIS/src/startup_cm.o
 .comment       0x0000000000000000       0x71 ./libs/CMSIS/src/startup_stm32f4xx.o
 .comment       0x0000000000000000       0x71 ./libs/CMSIS/src/system_stm32f4xx.o
 .comment       0x0000000000000000       0x71 ./libs/CMSIS/src/vectors_stm32f4xx.o
 .comment       0x0000000000000000       0x71 ./RTOS/uLipe_Core.o
 .comment       0x0000000000000000       0x71 ./RTOS/uLipe_Task.o

.ARM.attributes
                0x0000000000000000       0x31
 .ARM.attributes
                0x0000000000000000       0x33 ./src/ ButtonTask.o
 .ARM.attributes
                0x0000000000000033       0x33 ./src/LedTask.o
 .ARM.attributes
                0x0000000000000066       0x33 ./src/main.o
 .ARM.attributes
                0x0000000000000099       0x33 ./libs/CMSIS/src/startup_cm.o
 .ARM.attributes
                0x00000000000000cc       0x33 ./libs/CMSIS/src/startup_stm32f4xx.o
 .ARM.attributes
                0x00000000000000ff       0x33 ./libs/CMSIS/src/system_stm32f4xx.o
 .ARM.attributes
                0x0000000000000132       0x33 ./libs/CMSIS/src/vectors_stm32f4xx.o
 .ARM.attributes
                0x0000000000000165       0x21 ./RTOS/AsmStuff.o
 .ARM.attributes
                0x0000000000000186       0x33 ./RTOS/uLipe_Core.o
 .ARM.attributes
                0x00000000000001b9       0x33 ./RTOS/uLipe_Task.o
 .ARM.attributes
                0x00000000000001ec       0x2e /usr/local/gcc-arm-none-eabi-4_7-2013q3/bin/../lib/gcc/arm-none-eabi/4.7.4/../../../../arm-none-eabi/lib/armv7e-m/libg.a(lib_a-memset.o)

.debug
 *(.debug)

.line
 *(.line)

.debug_srcinfo
 *(.debug_srcinfo)

.debug_sfnames
 *(.debug_sfnames)

.debug_aranges  0x0000000000000000      0x260
 *(.debug_aranges)
 .debug_aranges
                0x0000000000000000       0x30 ./src/ ButtonTask.o
 .debug_aranges
                0x0000000000000030       0x38 ./src/LedTask.o
 .debug_aranges
                0x0000000000000068       0x20 ./src/main.o
 .debug_aranges
                0x0000000000000088       0x38 ./libs/CMSIS/src/startup_cm.o
 .debug_aranges
                0x00000000000000c0       0x20 ./libs/CMSIS/src/startup_stm32f4xx.o
 .debug_aranges
                0x00000000000000e0       0x30 ./libs/CMSIS/src/system_stm32f4xx.o
 .debug_aranges
                0x0000000000000110       0x60 ./libs/CMSIS/src/vectors_stm32f4xx.o
 .debug_aranges
                0x0000000000000170       0x20 ./RTOS/AsmStuff.o
 .debug_aranges
                0x0000000000000190       0x88 ./RTOS/uLipe_Core.o
 .debug_aranges
                0x0000000000000218       0x48 ./RTOS/uLipe_Task.o

.debug_pubnames
 *(.debug_pubnames)

.debug_info     0x0000000000000000     0x205c
 *(.debug_info .gnu.linkonce.wi.*)
 .debug_info    0x0000000000000000      0x45e ./src/ ButtonTask.o
 .debug_info    0x000000000000045e      0x4d2 ./src/LedTask.o
 .debug_info    0x0000000000000930      0x194 ./src/main.o
 .debug_info    0x0000000000000ac4      0x2cf ./libs/CMSIS/src/startup_cm.o
 .debug_info    0x0000000000000d93       0xc0 ./libs/CMSIS/src/startup_stm32f4xx.o
 .debug_info    0x0000000000000e53      0x62f ./libs/CMSIS/src/system_stm32f4xx.o
 .debug_info    0x0000000000001482      0x197 ./libs/CMSIS/src/vectors_stm32f4xx.o
 .debug_info    0x0000000000001619       0x7a ./RTOS/AsmStuff.o
 .debug_info    0x0000000000001693      0x5ae ./RTOS/uLipe_Core.o
 .debug_info    0x0000000000001c41      0x41b ./RTOS/uLipe_Task.o

.debug_abbrev   0x0000000000000000      0xa54
 *(.debug_abbrev)
 .debug_abbrev  0x0000000000000000      0x136 ./src/ ButtonTask.o
 .debug_abbrev  0x0000000000000136      0x152 ./src/LedTask.o
 .debug_abbrev  0x0000000000000288       0xc3 ./src/main.o
 .debug_abbrev  0x000000000000034b      0x12a ./libs/CMSIS/src/startup_cm.o
 .debug_abbrev  0x0000000000000475       0x7d ./libs/CMSIS/src/startup_stm32f4xx.o
 .debug_abbrev  0x00000000000004f2      0x13d ./libs/CMSIS/src/system_stm32f4xx.o
 .debug_abbrev  0x000000000000062f       0x9f ./libs/CMSIS/src/vectors_stm32f4xx.o
 .debug_abbrev  0x00000000000006ce       0x14 ./RTOS/AsmStuff.o
 .debug_abbrev  0x00000000000006e2      0x1ec ./RTOS/uLipe_Core.o
 .debug_abbrev  0x00000000000008ce      0x186 ./RTOS/uLipe_Task.o

.debug_line     0x0000000000000000     0x2be3
 *(.debug_line)
 .debug_line    0x0000000000000000      0x5bd ./src/ ButtonTask.o
 .debug_line    0x00000000000005bd      0x646 ./src/LedTask.o
 .debug_line    0x0000000000000c03      0x624 ./src/main.o
 .debug_line    0x0000000000001227      0x301 ./libs/CMSIS/src/startup_cm.o
 .debug_line    0x0000000000001528      0x505 ./libs/CMSIS/src/startup_stm32f4xx.o
 .debug_line    0x0000000000001a2d      0x577 ./libs/CMSIS/src/system_stm32f4xx.o
 .debug_line    0x0000000000001fa4      0x304 ./libs/CMSIS/src/vectors_stm32f4xx.o
 .debug_line    0x00000000000022a8       0xae ./RTOS/AsmStuff.o
 .debug_line    0x0000000000002356      0x485 ./RTOS/uLipe_Core.o
 .debug_line    0x00000000000027db      0x408 ./RTOS/uLipe_Task.o

.debug_frame    0x0000000000000000      0x5a0
 *(.debug_frame)
 .debug_frame   0x0000000000000000       0x60 ./src/ ButtonTask.o
 .debug_frame   0x0000000000000060       0x80 ./src/LedTask.o
 .debug_frame   0x00000000000000e0       0x30 ./src/main.o
 .debug_frame   0x0000000000000110       0x90 ./libs/CMSIS/src/startup_cm.o
 .debug_frame   0x00000000000001a0       0x2c ./libs/CMSIS/src/startup_stm32f4xx.o
 .debug_frame   0x00000000000001cc       0x64 ./libs/CMSIS/src/system_stm32f4xx.o
 .debug_frame   0x0000000000000230       0xe8 ./libs/CMSIS/src/vectors_stm32f4xx.o
 .debug_frame   0x0000000000000318      0x194 ./RTOS/uLipe_Core.o
 .debug_frame   0x00000000000004ac       0xc8 ./RTOS/uLipe_Task.o
 .debug_frame   0x0000000000000574       0x2c /usr/local/gcc-arm-none-eabi-4_7-2013q3/bin/../lib/gcc/arm-none-eabi/4.7.4/../../../../arm-none-eabi/lib/armv7e-m/libg.a(lib_a-memset.o)

.debug_str      0x0000000000000000    0x601c5
 *(.debug_str)
 .debug_str     0x0000000000000000    0x5d4cd ./src/ ButtonTask.o
                                      0x5d62e (size before relaxing)
 .debug_str     0x000000000005d4cd       0xfa ./src/LedTask.o
                                      0x5d6b3 (size before relaxing)
 .debug_str     0x000000000005d5c7     0x243f ./src/main.o
                                      0x5f94c (size before relaxing)
 .debug_str     0x000000000005fa06      0x139 ./libs/CMSIS/src/startup_cm.o
                                       0x320f (size before relaxing)
 .debug_str     0x000000000005fb3f       0x2c ./libs/CMSIS/src/startup_stm32f4xx.o
                                      0x5d34d (size before relaxing)
 .debug_str     0x000000000005fb6b      0x165 ./libs/CMSIS/src/system_stm32f4xx.o
                                      0x5d5b4 (size before relaxing)
 .debug_str     0x000000000005fcd0       0xcb ./libs/CMSIS/src/vectors_stm32f4xx.o
                                       0x30f3 (size before relaxing)
 .debug_str     0x000000000005fd9b      0x37d ./RTOS/uLipe_Core.o
                                       0x5889 (size before relaxing)
 .debug_str     0x0000000000060118       0xad ./RTOS/uLipe_Task.o
                                       0x56f7 (size before relaxing)

.debug_loc      0x0000000000000000      0x8e8
 *(.debug_loc)
 .debug_loc     0x0000000000000000       0x90 ./src/ ButtonTask.o
 .debug_loc     0x0000000000000090       0xd4 ./src/LedTask.o
 .debug_loc     0x0000000000000164       0x38 ./src/main.o
 .debug_loc     0x000000000000019c       0xe0 ./libs/CMSIS/src/startup_cm.o
 .debug_loc     0x000000000000027c       0x38 ./libs/CMSIS/src/startup_stm32f4xx.o
 .debug_loc     0x00000000000002b4       0x9c ./libs/CMSIS/src/system_stm32f4xx.o
 .debug_loc     0x0000000000000350      0x18c ./libs/CMSIS/src/vectors_stm32f4xx.o
 .debug_loc     0x00000000000004dc      0x2bc ./RTOS/uLipe_Core.o
 .debug_loc     0x0000000000000798      0x150 ./RTOS/uLipe_Task.o

.debug_macinfo
 *(.debug_macinfo)

.debug_weaknames
 *(.debug_weaknames)

.debug_funcnames
 *(.debug_funcnames)

.debug_typenames
 *(.debug_typenames)

.debug_varnames
 *(.debug_varnames)
OUTPUT(uLipeRTOS.elf elf32-littlearm)

.debug_ranges   0x0000000000000000      0x1b0
 .debug_ranges  0x0000000000000000       0x20 ./src/ ButtonTask.o
 .debug_ranges  0x0000000000000020       0x28 ./src/LedTask.o
 .debug_ranges  0x0000000000000048       0x10 ./src/main.o
 .debug_ranges  0x0000000000000058       0x28 ./libs/CMSIS/src/startup_cm.o
 .debug_ranges  0x0000000000000080       0x10 ./libs/CMSIS/src/startup_stm32f4xx.o
 .debug_ranges  0x0000000000000090       0x20 ./libs/CMSIS/src/system_stm32f4xx.o
 .debug_ranges  0x00000000000000b0       0x50 ./libs/CMSIS/src/vectors_stm32f4xx.o
 .debug_ranges  0x0000000000000100       0x78 ./RTOS/uLipe_Core.o
 .debug_ranges  0x0000000000000178       0x38 ./RTOS/uLipe_Task.o

.debug_macro    0x0000000000000000     0xfa0c
 .debug_macro   0x0000000000000000      0x1e9 ./src/ ButtonTask.o
 .debug_macro   0x00000000000001e9      0x820 ./src/ ButtonTask.o
 .debug_macro   0x0000000000000a09       0x5e ./src/ ButtonTask.o
 .debug_macro   0x0000000000000a67       0x3b ./src/ ButtonTask.o
 .debug_macro   0x0000000000000aa2       0x3a ./src/ ButtonTask.o
 .debug_macro   0x0000000000000adc       0x10 ./src/ ButtonTask.o
 .debug_macro   0x0000000000000aec       0x2e ./src/ ButtonTask.o
 .debug_macro   0x0000000000000b1a       0xa3 ./src/ ButtonTask.o
 .debug_macro   0x0000000000000bbd      0x20e ./src/ ButtonTask.o
 .debug_macro   0x0000000000000dcb       0x2d ./src/ ButtonTask.o
 .debug_macro   0x0000000000000df8       0x42 ./src/ ButtonTask.o
 .debug_macro   0x0000000000000e3a      0xd39 ./src/ ButtonTask.o
 .debug_macro   0x0000000000001b73     0x8bb0 ./src/ ButtonTask.o
 .debug_macro   0x000000000000a723      0x44f ./src/ ButtonTask.o
 .debug_macro   0x000000000000ab72       0xb2 ./src/ ButtonTask.o
 .debug_macro   0x000000000000ac24      0x477 ./src/ ButtonTask.o
 .debug_macro   0x000000000000b09b       0xae ./src/ ButtonTask.o
 .debug_macro   0x000000000000b149      0x41c ./src/ ButtonTask.o
 .debug_macro   0x000000000000b565      0x2a4 ./src/ ButtonTask.o
 .debug_macro   0x000000000000b809      0x2bb ./src/ ButtonTask.o
 .debug_macro   0x000000000000bac4       0x64 ./src/ ButtonTask.o
 .debug_macro   0x000000000000bb28       0xe7 ./src/ ButtonTask.o
 .debug_macro   0x000000000000bc0f      0x62f ./src/ ButtonTask.o
 .debug_macro   0x000000000000c23e      0x57b ./src/ ButtonTask.o
 .debug_macro   0x000000000000c7b9      0x342 ./src/ ButtonTask.o
 .debug_macro   0x000000000000cafb      0x36c ./src/ ButtonTask.o
 .debug_macro   0x000000000000ce67       0xf7 ./src/ ButtonTask.o
 .debug_macro   0x000000000000cf5e      0x73b ./src/ ButtonTask.o
 .debug_macro   0x000000000000d699      0x223 ./src/ ButtonTask.o
 .debug_macro   0x000000000000d8bc       0x34 ./src/ ButtonTask.o
 .debug_macro   0x000000000000d8f0       0x82 ./src/ ButtonTask.o
 .debug_macro   0x000000000000d972      0x144 ./src/ ButtonTask.o
 .debug_macro   0x000000000000dab6       0xc3 ./src/ ButtonTask.o
 .debug_macro   0x000000000000db79       0x40 ./src/ ButtonTask.o
 .debug_macro   0x000000000000dbb9      0x3cf ./src/ ButtonTask.o
 .debug_macro   0x000000000000df88      0x188 ./src/ ButtonTask.o
 .debug_macro   0x000000000000e110      0x149 ./src/ ButtonTask.o
 .debug_macro   0x000000000000e259      0x279 ./src/ ButtonTask.o
 .debug_macro   0x000000000000e4d2       0x35 ./src/ ButtonTask.o
 .debug_macro   0x000000000000e507       0x1c ./src/ ButtonTask.o
 .debug_macro   0x000000000000e523       0x10 ./src/ ButtonTask.o
 .debug_macro   0x000000000000e533       0x1c ./src/ ButtonTask.o
 .debug_macro   0x000000000000e54f       0x10 ./src/ ButtonTask.o
 .debug_macro   0x000000000000e55f      0x1f2 ./src/LedTask.o
 .debug_macro   0x000000000000e751       0x16 ./src/LedTask.o
 .debug_macro   0x000000000000e767      0x28f ./src/main.o
 .debug_macro   0x000000000000e9f6       0x10 ./src/main.o
 .debug_macro   0x000000000000ea06       0x89 ./src/main.o
 .debug_macro   0x000000000000ea8f       0x10 ./src/main.o
 .debug_macro   0x000000000000ea9f       0x3a ./src/main.o
 .debug_macro   0x000000000000ead9       0x52 ./src/main.o
 .debug_macro   0x000000000000eb2b       0x19 ./src/main.o
 .debug_macro   0x000000000000eb44      0x16d ./src/main.o
 .debug_macro   0x000000000000ecb1       0x10 ./src/main.o
 .debug_macro   0x000000000000ecc1       0xfc ./src/main.o
 .debug_macro   0x000000000000edbd       0x22 ./src/main.o
 .debug_macro   0x000000000000eddf       0x91 ./src/main.o
 .debug_macro   0x000000000000ee70       0x16 ./src/main.o
 .debug_macro   0x000000000000ee86      0x16d ./src/main.o
 .debug_macro   0x000000000000eff3       0xa7 ./libs/CMSIS/src/startup_cm.o
 .debug_macro   0x000000000000f09a      0x1b7 ./libs/CMSIS/src/startup_stm32f4xx.o
 .debug_macro   0x000000000000f251      0x1db ./libs/CMSIS/src/system_stm32f4xx.o
 .debug_macro   0x000000000000f42c       0x93 ./libs/CMSIS/src/vectors_stm32f4xx.o
 .debug_macro   0x000000000000f4bf      0x175 ./RTOS/uLipe_Core.o
 .debug_macro   0x000000000000f634       0x10 ./RTOS/uLipe_Core.o
 .debug_macro   0x000000000000f644       0x35 ./RTOS/uLipe_Core.o
 .debug_macro   0x000000000000f679       0x1c ./RTOS/uLipe_Core.o
 .debug_macro   0x000000000000f695      0x214 ./RTOS/uLipe_Core.o
 .debug_macro   0x000000000000f8a9      0x163 ./RTOS/uLipe_Task.o
