Archive member included because of file (symbol)

/usr/local/gcc-arm-none-eabi-4_7-2013q3/bin/../lib/gcc/arm-none-eabi/4.7.4/../../../../arm-none-eabi/lib/armv7e-m/libg.a(lib_a-errno.o)
                              ./libs/misc/src/_sbrk.o (__errno)
/usr/local/gcc-arm-none-eabi-4_7-2013q3/bin/../lib/gcc/arm-none-eabi/4.7.4/../../../../arm-none-eabi/lib/armv7e-m/libg.a(lib_a-impure.o)
                              /usr/local/gcc-arm-none-eabi-4_7-2013q3/bin/../lib/gcc/arm-none-eabi/4.7.4/../../../../arm-none-eabi/lib/armv7e-m/libg.a(lib_a-errno.o) (_impure_ptr)
/usr/local/gcc-arm-none-eabi-4_7-2013q3/bin/../lib/gcc/arm-none-eabi/4.7.4/../../../../arm-none-eabi/lib/armv7e-m/libg.a(lib_a-memset.o)
                              ./RTOS/uLipe_Task.o (memset)

Allocating common symbols
Common symbol       size              file

TaskTryStack8       0x100             ./src/tasks.o
TaskMainCtl         0xc               ./RTOS/uLipe_Core.o
TaskTryStack6       0x100             ./src/tasks.o
ID                  0x1               ./src/main.o
IdleTaskStack       0x100             ./RTOS/uLipe_Task.o
TaskTryStack7       0x100             ./src/tasks.o
TaskTryStack2       0x100             ./src/tasks.o
TaskTryStack4       0x100             ./src/tasks.o
TaskBlockList       0x140             ./RTOS/uLipe_Task.o
TaskMainQueue       0x60              ./RTOS/uLipe_Core.o
TaskTryStack3       0x100             ./src/tasks.o
TaskTryStack        0x100             ./src/main.o
TaskTryStack5       0x100             ./src/tasks.o

Discarded input sections

 .group         0x0000000000000000        0x8 ./src/main.o
 .group         0x0000000000000000        0x8 ./src/main.o
 .group         0x0000000000000000        0x8 ./src/main.o
 .group         0x0000000000000000        0x8 ./src/main.o
 .group         0x0000000000000000        0x8 ./src/main.o
 .group         0x0000000000000000        0x8 ./src/main.o
 .group         0x0000000000000000        0x8 ./src/main.o
 .group         0x0000000000000000        0x8 ./src/main.o
 .group         0x0000000000000000        0x8 ./src/main.o
 .group         0x0000000000000000        0x8 ./src/main.o
 .group         0x0000000000000000        0x8 ./src/main.o
 .group         0x0000000000000000        0x8 ./src/main.o
 .group         0x0000000000000000        0x8 ./src/main.o
 .group         0x0000000000000000        0x8 ./src/main.o
 .group         0x0000000000000000        0x8 ./src/main.o
 .group         0x0000000000000000        0x8 ./src/main.o
 .group         0x0000000000000000        0x8 ./src/main.o
 .group         0x0000000000000000        0x8 ./src/main.o
 .group         0x0000000000000000        0x8 ./src/main.o
 .group         0x0000000000000000        0x8 ./src/main.o
 .group         0x0000000000000000        0x8 ./src/main.o
 .group         0x0000000000000000        0x8 ./src/main.o
 .group         0x0000000000000000        0x8 ./src/main.o
 .group         0x0000000000000000        0x8 ./src/main.o
 .group         0x0000000000000000        0x8 ./src/main.o
 .group         0x0000000000000000        0x8 ./src/main.o
 .group         0x0000000000000000        0x8 ./src/main.o
 .group         0x0000000000000000        0x8 ./src/main.o
 .group         0x0000000000000000        0x8 ./src/main.o
 .group         0x0000000000000000        0x8 ./src/main.o
 .group         0x0000000000000000        0x8 ./src/main.o
 .group         0x0000000000000000        0x8 ./src/main.o
 .group         0x0000000000000000        0x8 ./src/main.o
 .group         0x0000000000000000        0x8 ./src/main.o
 .group         0x0000000000000000        0x8 ./src/main.o
 .group         0x0000000000000000        0x8 ./src/main.o
 .group         0x0000000000000000        0x8 ./src/main.o
 .group         0x0000000000000000        0x8 ./src/main.o
 .group         0x0000000000000000        0x8 ./src/main.o
 .group         0x0000000000000000        0x8 ./src/main.o
 .group         0x0000000000000000        0x8 ./src/main.o
 .group         0x0000000000000000        0x8 ./src/main.o
 .group         0x0000000000000000        0x8 ./src/main.o
 .group         0x0000000000000000        0x8 ./src/main.o
 .group         0x0000000000000000        0x8 ./src/main.o
 .group         0x0000000000000000        0x8 ./src/main.o
 .group         0x0000000000000000        0x8 ./src/main.o
 .group         0x0000000000000000        0x8 ./src/main.o
 .group         0x0000000000000000        0x8 ./src/main.o
 .group         0x0000000000000000        0x8 ./src/main.o
 .group         0x0000000000000000        0x8 ./src/main.o
 .group         0x0000000000000000        0x8 ./src/main.o
 .group         0x0000000000000000        0x8 ./src/main.o
 .text          0x0000000000000000        0x0 ./src/main.o
 .data          0x0000000000000000        0x0 ./src/main.o
 .bss           0x0000000000000000        0x0 ./src/main.o
 .bss.seconds   0x0000000000000000        0x4 ./src/main.o
 .bss.uwTimingDelay
[...]
Memory Configuration

Name             Origin             Length             Attributes
RAM              0x0000000020000000 0x0000000000020000 xrw
CCMRAM           0x0000000010000000 0x0000000000010000 xrw
FLASH            0x0000000008000000 0x0000000000100000 xr
FLASHB1          0x0000000000000000 0x0000000000000000 xr
EXTMEMB0         0x0000000000000000 0x0000000000000000 xr
EXTMEMB1         0x0000000000000000 0x0000000000000000 xr
EXTMEMB2         0x0000000000000000 0x0000000000000000 xr
EXTMEMB3         0x0000000000000000 0x0000000000000000 xr
MEMORY_ARRAY     0x0000000020002000 0x0000000000000020 xrw
*default*        0x0000000000000000 0xffffffffffffffff

Linker script and memory map

LOAD ./src/main.o
LOAD ./src/tasks.o
LOAD ./libs/misc/src/_sbrk.o
LOAD ./libs/misc/src/_write.o
LOAD ./libs/misc/src/trace_impl.o
LOAD ./libs/StdPeriph/src/misc.o
LOAD ./libs/StdPeriph/src/stm32f4xx_adc.o
LOAD ./libs/StdPeriph/src/stm32f4xx_can.o
LOAD ./libs/StdPeriph/src/stm32f4xx_crc.o
LOAD ./libs/StdPeriph/src/stm32f4xx_cryp.o
LOAD ./libs/StdPeriph/src/stm32f4xx_cryp_aes.o
LOAD ./libs/StdPeriph/src/stm32f4xx_cryp_des.o
LOAD ./libs/StdPeriph/src/stm32f4xx_cryp_tdes.o
LOAD ./libs/StdPeriph/src/stm32f4xx_dac.o
LOAD ./libs/StdPeriph/src/stm32f4xx_dbgmcu.o
LOAD ./libs/StdPeriph/src/stm32f4xx_dcmi.o
LOAD ./libs/StdPeriph/src/stm32f4xx_dma.o
LOAD ./libs/StdPeriph/src/stm32f4xx_dma2d.o
LOAD ./libs/StdPeriph/src/stm32f4xx_exti.o
LOAD ./libs/StdPeriph/src/stm32f4xx_flash.o
LOAD ./libs/StdPeriph/src/stm32f4xx_fmc.o
LOAD ./libs/StdPeriph/src/stm32f4xx_fsmc.o
LOAD ./libs/StdPeriph/src/stm32f4xx_gpio.o
LOAD ./libs/StdPeriph/src/stm32f4xx_hash.o
LOAD ./libs/StdPeriph/src/stm32f4xx_hash_md5.o
LOAD ./libs/StdPeriph/src/stm32f4xx_hash_sha1.o
LOAD ./libs/StdPeriph/src/stm32f4xx_i2c.o
LOAD ./libs/StdPeriph/src/stm32f4xx_iwdg.o
LOAD ./libs/StdPeriph/src/stm32f4xx_ltdc.o
LOAD ./libs/StdPeriph/src/stm32f4xx_pwr.o
LOAD ./libs/StdPeriph/src/stm32f4xx_rcc.o
LOAD ./libs/StdPeriph/src/stm32f4xx_rng.o
LOAD ./libs/StdPeriph/src/stm32f4xx_rtc.o
LOAD ./libs/StdPeriph/src/stm32f4xx_sai.o
LOAD ./libs/StdPeriph/src/stm32f4xx_sdio.o
LOAD ./libs/StdPeriph/src/stm32f4xx_spi.o
LOAD ./libs/StdPeriph/src/stm32f4xx_syscfg.o
LOAD ./libs/StdPeriph/src/stm32f4xx_tim.o
LOAD ./libs/StdPeriph/src/stm32f4xx_usart.o
LOAD ./libs/StdPeriph/src/stm32f4xx_wwdg.o
LOAD ./libs/CMSIS/src/startup_cm.o
LOAD ./libs/CMSIS/src/startup_stm32f4xx.o
LOAD ./libs/CMSIS/src/system_stm32f4xx.o
LOAD ./libs/CMSIS/src/vectors_stm32f4xx.o
LOAD ./RTOS/AsmStuff.o
LOAD ./RTOS/uLipe_Core.o
LOAD ./RTOS/uLipe_Task.o
START GROUP
LOAD /usr/local/gcc-arm-none-eabi-4_7-2013q3/bin/../lib/gcc/arm-none-eabi/4.7.4/armv7e-m/libgcc.a
LOAD /usr/local/gcc-arm-none-eabi-4_7-2013q3/bin/../lib/gcc/arm-none-eabi/4.7.4/../../../../arm-none-eabi/lib/armv7e-m/libg.a
LOAD /usr/local/gcc-arm-none-eabi-4_7-2013q3/bin/../lib/gcc/arm-none-eabi/4.7.4/../../../../arm-none-eabi/lib/armv7e-m/libc.a
END GROUP
START GROUP
LOAD /usr/local/gcc-arm-none-eabi-4_7-2013q3/bin/../lib/gcc/arm-none-eabi/4.7.4/armv7e-m/libgcc.a
LOAD /usr/local/gcc-arm-none-eabi-4_7-2013q3/bin/../lib/gcc/arm-none-eabi/4.7.4/../../../../arm-none-eabi/lib/armv7e-m/libg.a
LOAD /usr/local/gcc-arm-none-eabi-4_7-2013q3/bin/../lib/gcc/arm-none-eabi/4.7.4/../../../../arm-none-eabi/lib/armv7e-m/libc.a
LOAD /usr/local/gcc-arm-none-eabi-4_7-2013q3/bin/../lib/gcc/arm-none-eabi/4.7.4/../../../../arm-none-eabi/lib/armv7e-m/libm.a
LOAD /usr/local/gcc-arm-none-eabi-4_7-2013q3/bin/../lib/gcc/arm-none-eabi/4.7.4/../../../../arm-none-eabi/lib/armv7e-m/libnosys.a
END GROUP
                0x0000000020020000                __stack = (ORIGIN (RAM) + 0x20000)
                0x0000000020020000                _estack = __stack
                0x0000000000000400                __Main_Stack_Size = 0x400
                0x0000000000000400                PROVIDE (_Main_Stack_Size, __Main_Stack_Size)
                0x000000002001fc00                __Main_Stack_Limit = (__stack - __Main_Stack_Size)
                0x000000002001fc00                PROVIDE (_Main_Stack_Limit, __Main_Stack_Limit)
                0x0000000000000100                _Minimum_Stack_Size = 0x100
                0x0000000020000b54                PROVIDE (_Heap_Begin, _end_noinit)
                0x000000002001fc00                PROVIDE (_Heap_Limit, (__stack - _Main_Stack_Size))

.isr_vector     0x0000000008000000      0x284
                0x0000000008000000                . = ALIGN (0x4)
 *(.isr_vector)
 .isr_vector    0x0000000008000000      0x188 ./libs/CMSIS/src/vectors_stm32f4xx.o
                0x0000000008000000                g_pfnVectors
 *(.after_vectors .after_vectors.*)
 .after_vectors
                0x0000000008000188       0xa4 ./libs/CMSIS/src/startup_cm.o
                0x0000000008000188                Reset_Handler
                0x00000000080001d4                system_init
 .after_vectors
                0x000000000800022c       0x58 ./libs/CMSIS/src/vectors_stm32f4xx.o
                0x000000000800022c                DMA1_Stream3_IRQHandler
                0x000000000800022c                HASH_RNG_IRQHandler
                0x000000000800022c                EXTI2_IRQHandler
                0x000000000800022c                TIM8_CC_IRQHandler
                0x000000000800022c                USART1_IRQHandler
                0x000000000800022c                OTG_FS_IRQHandler
                0x000000000800022c                SPI3_IRQHandler
                0x000000000800022c                DMA1_Stream4_IRQHandler
                0x000000000800022c                I2C1_ER_IRQHandler
                0x000000000800022c                DMA2_Stream6_IRQHandler
                0x000000000800022c                RTC_Alarm_IRQHandler
                0x000000000800022c                TIM1_CC_IRQHandler
                0x000000000800022c                DMA2_Stream5_IRQHandler
                0x000000000800022c                DMA1_Stream5_IRQHandler
                0x000000000800022c                PVD_IRQHandler
                0x000000000800022c                SDIO_IRQHandler
                0x000000000800022c                TAMP_STAMP_IRQHandler
                0x000000000800022c                CAN2_RX1_IRQHandler
                0x000000000800022c                EXTI3_IRQHandler
                0x000000000800022c                TIM8_TRG_COM_TIM14_IRQHandler
                0x000000000800022c                TIM1_UP_TIM10_IRQHandler
                0x000000000800022c                TIM8_UP_TIM13_IRQHandler
                0x000000000800022c                I2C3_ER_IRQHandler
                0x000000000800022c                EXTI0_IRQHandler
                0x000000000800022c                I2C2_EV_IRQHandler
                0x000000000800022c                DMA1_Stream2_IRQHandler
                0x000000000800022c                CAN1_RX0_IRQHandler
                0x000000000800022c                FPU_IRQHandler
                0x000000000800022c                OTG_HS_WKUP_IRQHandler
                0x000000000800022c                CAN2_SCE_IRQHandler
                0x000000000800022c                DMA2_Stream2_IRQHandler
                0x000000000800022c                SPI1_IRQHandler
                0x000000000800022c                TIM6_DAC_IRQHandler
                0x000000000800022c                TIM1_BRK_TIM9_IRQHandler
                0x000000000800022c                DCMI_IRQHandler
                0x000000000800022c                CAN2_RX0_IRQHandler
                0x000000000800022c                DMA2_Stream3_IRQHandler
                0x000000000800022c                USART6_IRQHandler
                0x000000000800022c                USART3_IRQHandler
                0x000000000800022c                CRYP_IRQHandler
                0x000000000800022c                CAN1_RX1_IRQHandler
                0x000000000800022c                UART5_IRQHandler
                0x000000000800022c                DMA2_Stream0_IRQHandler
                0x000000000800022c                TIM4_IRQHandler
                0x000000000800022c                I2C1_EV_IRQHandler
                0x000000000800022c                DMA1_Stream6_IRQHandler
                0x000000000800022c                DMA1_Stream1_IRQHandler
                0x000000000800022c                UART4_IRQHandler
                0x000000000800022c                TIM3_IRQHandler
                0x000000000800022c                RCC_IRQHandler
                0x000000000800022c                TIM8_BRK_TIM12_IRQHandler
                0x000000000800022c                Default_Handler
                0x000000000800022c                EXTI15_10_IRQHandler
                0x000000000800022c                ADC_IRQHandler
                0x000000000800022c                DMA1_Stream7_IRQHandler
                0x000000000800022c                TIM7_IRQHandler
                0x000000000800022c                CAN2_TX_IRQHandler
                0x000000000800022c                TIM5_IRQHandler
                0x000000000800022c                DMA2_Stream7_IRQHandler
                0x000000000800022c                I2C3_EV_IRQHandler
                0x000000000800022c                EXTI9_5_IRQHandler
                0x000000000800022c                RTC_WKUP_IRQHandler
                0x000000000800022c                ETH_WKUP_IRQHandler
                0x000000000800022c                SPI2_IRQHandler
                0x000000000800022c                OTG_HS_EP1_IN_IRQHandler
                0x000000000800022c                DMA1_Stream0_IRQHandler
                0x000000000800022c                CAN1_TX_IRQHandler
                0x000000000800022c                EXTI4_IRQHandler
                0x000000000800022c                FSMC_IRQHandler
                0x000000000800022c                ETH_IRQHandler
                0x000000000800022c                OTG_HS_EP1_OUT_IRQHandler
                0x000000000800022c                WWDG_IRQHandler
                0x000000000800022c                TIM2_IRQHandler
                0x000000000800022c                OTG_FS_WKUP_IRQHandler
                0x000000000800022c                TIM1_TRG_COM_TIM11_IRQHandler
                0x000000000800022c                OTG_HS_IRQHandler
                0x000000000800022c                EXTI1_IRQHandler
                0x000000000800022c                USART2_IRQHandler
                0x000000000800022c                I2C2_ER_IRQHandler
                0x000000000800022c                DMA2_Stream1_IRQHandler
                0x000000000800022c                CAN1_SCE_IRQHandler
                0x000000000800022c                FLASH_IRQHandler
                0x000000000800022c                DMA2_Stream4_IRQHandler
                0x0000000008000234                NMI_Handler
                0x000000000800023c                HardFault_Handler
                0x000000000800024c                MemManage_Handler
                0x0000000008000254                BusFault_Handler
                0x000000000800025c                UsageFault_Handler
                0x0000000008000264                SVC_Handler
                0x000000000800026c                DebugMon_Handler
                0x0000000008000284                . = ALIGN (0x4)

._inits         0x0000000008000284        0x4
                0x0000000008000284                . = ALIGN (0x4)
 *(.init)
 *(.fini)
                0x0000000008000284                . = ALIGN (0x4)
                0x0000000008000284                PROVIDE (__preinit_array_start, .)
 *(.preinit_array_sysinit .preinit_array_sysinit.*)
 .preinit_array_sysinit
                0x0000000008000284        0x4 ./libs/CMSIS/src/startup_cm.o
                0x0000000008000284                p_system_init
 *(.preinit_array_platform .preinit_array_platform.*)
 *(.preinit_array .preinit_array.*)
                0x0000000008000288                PROVIDE (__preinit_array_end, .)
                0x0000000008000288                . = ALIGN (0x4)
                0x0000000008000288                PROVIDE (__init_array_start, .)
 *(SORT(.init_array.*))
 *(.init_array)
                0x0000000008000288                PROVIDE (__init_array_end, .)
                0x0000000008000288                . = ALIGN (0x4)
                0x0000000008000288                PROVIDE (__fini_array_start, .)
 *(SORT(.fini_array.*))
 *(.fini_array)
                0x0000000008000288                PROVIDE (__fini_array_end, .)
                0x0000000008000288                . = ALIGN (0x4)

.flashtext      0x0000000008000288        0x0
                0x0000000008000288                . = ALIGN (0x4)
 *(.flashtext .flashtext.*)
                0x0000000008000288                . = ALIGN (0x4)

.text           0x0000000008000288     0x12d4
                0x0000000008000288                . = ALIGN (0x4)
 *(.text .text.*)
 .text.main     0x0000000008000288      0x144 ./src/main.o
                0x0000000008000288                main
 .text.TaskTry  0x00000000080003cc       0x34 ./src/tasks.o
                0x00000000080003cc                TaskTry
 .text.TaskTry2
                0x0000000008000400       0x34 ./src/tasks.o
                0x0000000008000400                TaskTry2
 .text.TaskTry3
                0x0000000008000434       0x34 ./src/tasks.o
                0x0000000008000434                TaskTry3
 .text.TaskTry4
                0x0000000008000468       0x34 ./src/tasks.o
                0x0000000008000468                TaskTry4
 .text.TaskTry5
                0x000000000800049c       0x34 ./src/tasks.o
                0x000000000800049c                TaskTry5
 .text.TaskTry6
                0x00000000080004d0       0x34 ./src/tasks.o
                0x00000000080004d0                TaskTry6
 .text.TaskTry7
                0x0000000008000504       0x34 ./src/tasks.o
                0x0000000008000504                TaskTry7
 .text.__libc_init_array
                0x0000000008000538       0x90 ./libs/CMSIS/src/startup_cm.o
                0x0000000008000538                __libc_init_array
 .text.__libc_fini_array
                0x00000000080005c8       0x50 ./libs/CMSIS/src/startup_cm.o
                0x00000000080005c8                __libc_fini_array
 .text._exit    0x0000000008000618        0xc ./libs/CMSIS/src/startup_stm32f4xx.o
                0x0000000008000618                _exit
 .text.SystemInit
                0x0000000008000624       0x94 ./libs/CMSIS/src/system_stm32f4xx.o
                0x0000000008000624                SystemInit
 .text.SetSysClock
                0x00000000080006b8      0x188 ./libs/CMSIS/src/system_stm32f4xx.o
 .text          0x0000000008000840       0xf4 ./RTOS/AsmStuff.o
                0x0000000008000840                Asm_LowLevelTickInit
                0x0000000008000866                Asm_CriticalIn
                0x000000000800086e                Asm_CriticalOut
                0x0000000008000876                Asm_IntLevelContextChange
                0x0000000008000884                Asm_TaskLevelContextChange
                0x0000000008000892                PendSV_Handler
 .text.uLipe_StackFrameCreate
                0x0000000008000934       0xc4 ./RTOS/uLipe_Core.o
                0x0000000008000934                uLipe_StackFrameCreate
 .text.uLipe_TaskQueueInit
                0x00000000080009f8      0x1ec ./RTOS/uLipe_Core.o
                0x00000000080009f8                uLipe_TaskQueueInit
 .text.uLipe_TaskEnqueue
                0x0000000008000be4       0xa0 ./RTOS/uLipe_Core.o
                0x0000000008000be4                uLipe_TaskEnqueue
 .text.uLipe_TaskDequeue
                0x0000000008000c84       0xac ./RTOS/uLipe_Core.o
                0x0000000008000c84                uLipe_TaskDequeue
 .text.uLipe_TaskQueryByIndex
                0x0000000008000d30       0x74 ./RTOS/uLipe_Core.o
                0x0000000008000d30                uLipe_TaskQueryByIndex
 .text.uLipe_TaskDropByIndex
                0x0000000008000da4      0x140 ./RTOS/uLipe_Core.o
                0x0000000008000da4                uLipe_TaskDropByIndex
 .text.uLipe_Init
                0x0000000008000ee4       0x20 ./RTOS/uLipe_Core.o
                0x0000000008000ee4                uLipe_Init
 .text.uLipe_Schedule
                0x0000000008000f04      0x144 ./RTOS/uLipe_Core.o
                0x0000000008000f04                uLipe_Schedule
 .text.uLipe_Start
                0x0000000008001048       0x68 ./RTOS/uLipe_Core.o
                0x0000000008001048                uLipe_Start
 .text.SysTick_Handler
                0x00000000080010b0      0x144 ./RTOS/uLipe_Core.o
                0x00000000080010b0                SysTick_Handler
 .text.uLipe_GetCurrentTick
                0x00000000080011f4       0x18 ./RTOS/uLipe_Core.o
                0x00000000080011f4                uLipe_GetCurrentTick
 .text.Task_InitBlocks
                0x000000000800120c       0x1c ./RTOS/uLipe_Task.o
                0x000000000800120c                Task_InitBlocks
 .text.Task_Create
                0x0000000008001228      0x1e8 ./RTOS/uLipe_Task.o
                0x0000000008001228                Task_Create
 .text.Task_GetList
                0x0000000008001410       0x14 ./RTOS/uLipe_Task.o
                0x0000000008001410                Task_GetList
 .text.Task_Idle
                0x0000000008001424        0xc ./RTOS/uLipe_Task.o
                0x0000000008001424                Task_Idle
 .text.memset   0x0000000008001430      0x12c /usr/local/gcc-arm-none-eabi-4_7-2013q3/bin/../lib/gcc/arm-none-eabi/4.7.4/../../../../arm-none-eabi/lib/armv7e-m/libg.a(lib_a-memset.o)
                0x0000000008001430                memset
 *(.rodata .rodata.*)
 *(.eh_frame*)
 *(.glue_7)
 .glue_7        0x0000000000000000        0x0 linker stubs
 *(.glue_7t)
 .glue_7t       0x0000000000000000        0x0 linker stubs

.vfp11_veneer   0x000000000800155c        0x0
 .vfp11_veneer  0x0000000000000000        0x0 linker stubs

.v4_bx          0x000000000800155c        0x0
 .v4_bx         0x0000000000000000        0x0 linker stubs

.iplt           0x000000000800155c        0x0
 .iplt          0x0000000000000000        0x0 ./src/main.o

.rel.dyn        0x000000000800155c        0x0
 .rel.iplt      0x0000000000000000        0x0 ./src/main.o

.ARM.extab
 *(.ARM.extab* .gnu.linkonce.armextab.*)
                0x000000000800155c                __exidx_start = .

.ARM.exidx
 *(.ARM.exidx* .gnu.linkonce.armexidx.*)
                0x000000000800155c                __exidx_end = .
                0x000000000800155c                . = ALIGN (0x4)
                0x000000000800155c                _etext = .
                0x000000000800155c                _sidata = _etext

.ROarraySection
 *(.ROarraySection .ROarraySection.*)

.data           0x0000000020000000       0x44 load address 0x000000000800155c
                0x0000000020000000                . = ALIGN (0x4)
                0x0000000020000000                _sdata = .
                0x0000000020000000                __data_start__ = .
 *(vtable)
 *(.data .data.*)
 .data.Try      0x0000000020000000        0x8 ./src/tasks.o
                0x0000000020000000                Try
 .data.Try2     0x0000000020000008        0x8 ./src/tasks.o
                0x0000000020000008                Try2
 .data.Try3     0x0000000020000010        0x8 ./src/tasks.o
                0x0000000020000010                Try3
 .data.Try4     0x0000000020000018        0x8 ./src/tasks.o
                0x0000000020000018                Try4
 .data.Try5     0x0000000020000020        0x8 ./src/tasks.o
                0x0000000020000020                Try5
 .data.Try6     0x0000000020000028        0x8 ./src/tasks.o
                0x0000000020000028                Try6
 .data.Try7     0x0000000020000030        0x8 ./src/tasks.o
                0x0000000020000030                Try7
 .data.ScheduleFlag
                0x0000000020000038        0x1 ./RTOS/uLipe_Core.o
                0x0000000020000038                ScheduleFlag
 *fill*         0x0000000020000039        0x3 00
 .data.IdleName
                0x000000002000003c        0x8 ./RTOS/uLipe_Task.o
                0x000000002000003c                IdleName
                0x0000000020000044                . = ALIGN (0x4)
                0x0000000020000044                _edata = .
                0x0000000020000044                __data_end__ = .

.igot.plt       0x0000000020000044        0x0 load address 0x00000000080015a0
 .igot.plt      0x0000000000000000        0x0 ./src/main.o

.bss            0x0000000020000044      0xb10 load address 0x00000000080015a0
                0x0000000020000044                . = ALIGN (0x4)
                0x0000000020000044                __bss_start__ = .
                0x0000000020000044                _sbss = .
 *(.bss .bss.*)
 .bss.counter1.4274
                0x0000000020000044        0x4 ./src/tasks.o
 .bss.counter2.4275
                0x0000000020000048        0x4 ./src/tasks.o
 .bss.counter3.4276
                0x000000002000004c        0x4 ./src/tasks.o
 .bss.counter1.4267
                0x0000000020000050        0x4 ./src/tasks.o
 .bss.counter2.4268
                0x0000000020000054        0x4 ./src/tasks.o
 .bss.counter3.4269
                0x0000000020000058        0x4 ./src/tasks.o
 .bss.counter1.4260
                0x000000002000005c        0x4 ./src/tasks.o
 .bss.counter2.4261
                0x0000000020000060        0x4 ./src/tasks.o
 .bss.counter3.4262
                0x0000000020000064        0x4 ./src/tasks.o
 .bss.counter1.4253
                0x0000000020000068        0x4 ./src/tasks.o
 .bss.counter2.4254
                0x000000002000006c        0x4 ./src/tasks.o
 .bss.counter3.4255
                0x0000000020000070        0x4 ./src/tasks.o
 .bss.counter1.4246
                0x0000000020000074        0x4 ./src/tasks.o
 .bss.counter2.4247
                0x0000000020000078        0x4 ./src/tasks.o
 .bss.counter3.4248
                0x000000002000007c        0x4 ./src/tasks.o
 .bss.counter1.4239
                0x0000000020000080        0x4 ./src/tasks.o
 .bss.counter2.4240
                0x0000000020000084        0x4 ./src/tasks.o
 .bss.counter3.4241
                0x0000000020000088        0x4 ./src/tasks.o
 .bss.counter1.4232
                0x000000002000008c        0x4 ./src/tasks.o
 .bss.counter2.4233
                0x0000000020000090        0x4 ./src/tasks.o
 .bss.counter3.4234
                0x0000000020000094        0x4 ./src/tasks.o
 .bss.CurrentTaskBlock
                0x0000000020000098        0x4 ./RTOS/uLipe_Core.o
                0x0000000020000098                CurrentTaskBlock
 .bss.HighReadyTaskBlock
                0x000000002000009c        0x4 ./RTOS/uLipe_Core.o
                0x000000002000009c                HighReadyTaskBlock
 .bss.TickCounter
                0x00000000200000a0        0x4 ./RTOS/uLipe_Core.o
                0x00000000200000a0                TickCounter
 *(COMMON)
 COMMON         0x00000000200000a4      0x104 ./src/main.o
                0x00000000200000a4                ID
                0x00000000200000a8                TaskTryStack
 COMMON         0x00000000200001a8      0x700 ./src/tasks.o
                0x00000000200001a8                TaskTryStack8
                0x00000000200002a8                TaskTryStack6
                0x00000000200003a8                TaskTryStack7
                0x00000000200004a8                TaskTryStack2
                0x00000000200005a8                TaskTryStack4
                0x00000000200006a8                TaskTryStack3
                0x00000000200007a8                TaskTryStack5
 COMMON         0x00000000200008a8       0x6c ./RTOS/uLipe_Core.o
                0x00000000200008a8                TaskMainCtl
                0x00000000200008b4                TaskMainQueue
 COMMON         0x0000000020000914      0x240 ./RTOS/uLipe_Task.o
                0x0000000020000914                IdleTaskStack
                0x0000000020000a14                TaskBlockList
                0x0000000020000b54                . = ALIGN (0x4)
                0x0000000020000b54                __bss_end__ = .
                0x0000000020000b54                _ebss = .

.noinit         0x0000000020000b54        0x0
                0x0000000020000b54                . = ALIGN (0x4)
                0x0000000020000b54                _noinit = .
 *(.noinit .noinit.*)
                0x0000000020000b54                . = ALIGN (0x4)
                0x0000000020000b54                _end_noinit = .
                0x0000000020000b54                PROVIDE (end, _end_noinit)
                0x0000000020000b54                PROVIDE (_end, _end_noinit)

._check_stack   0x0000000020000b54      0x100 load address 0x00000000080020b0
                0x0000000020000b54                . = ALIGN (0x4)
                0x0000000020000c54                . = (. + _Minimum_Stack_Size)
 *fill*         0x0000000020000b54      0x100 00
                0x0000000020000c54                . = ALIGN (0x4)

.bss_CCMRAM
 *(.bss.CCMRAM .bss.CCMRAM.*)

.b1text
 *(.b1text)
 *(.b1rodata)
 *(.b1rodata.*)

.eb0text
 *(.eb0text)
 *(.eb0rodata)
 *(.eb0rodata.*)

.eb1text
 *(.eb1text)
 *(.eb1rodata)
 *(.eb1rodata.*)

.eb2text
 *(.eb2text)
 *(.eb2rodata)
 *(.eb2rodata.*)

.eb3text
 *(.eb3text)
 *(.eb3rodata)
 *(.eb3rodata.*)

.stab
 *(.stab)

.stabstr
 *(.stabstr)

.stab.excl
 *(.stab.excl)

.stab.exclstr
 *(.stab.exclstr)

.stab.index
 *(.stab.index)

.stab.indexstr
 *(.stab.indexstr)

.comment        0x0000000000000000       0x70
 *(.comment)
 .comment       0x0000000000000000       0x70 ./src/main.o
                                         0x71 (size before relaxing)
 .comment       0x0000000000000000       0x71 ./src/tasks.o
 .comment       0x0000000000000000       0x71 ./libs/CMSIS/src/startup_cm.o
 .comment       0x0000000000000000       0x71 ./libs/CMSIS/src/startup_stm32f4xx.o
 .comment       0x0000000000000000       0x71 ./libs/CMSIS/src/system_stm32f4xx.o
 .comment       0x0000000000000000       0x71 ./libs/CMSIS/src/vectors_stm32f4xx.o
 .comment       0x0000000000000000       0x71 ./RTOS/uLipe_Core.o
 .comment       0x0000000000000000       0x71 ./RTOS/uLipe_Task.o

.ARM.attributes
                0x0000000000000000       0x31
 .ARM.attributes
                0x0000000000000000       0x33 ./src/main.o
 .ARM.attributes
                0x0000000000000033       0x33 ./src/tasks.o
 .ARM.attributes
                0x0000000000000066       0x33 ./libs/CMSIS/src/startup_cm.o
 .ARM.attributes
                0x0000000000000099       0x33 ./libs/CMSIS/src/startup_stm32f4xx.o
 .ARM.attributes
                0x00000000000000cc       0x33 ./libs/CMSIS/src/system_stm32f4xx.o
 .ARM.attributes
                0x00000000000000ff       0x33 ./libs/CMSIS/src/vectors_stm32f4xx.o
 .ARM.attributes
                0x0000000000000132       0x21 ./RTOS/AsmStuff.o
 .ARM.attributes
                0x0000000000000153       0x33 ./RTOS/uLipe_Core.o
 .ARM.attributes
                0x0000000000000186       0x33 ./RTOS/uLipe_Task.o
 .ARM.attributes
                0x00000000000001b9       0x2e /usr/local/gcc-arm-none-eabi-4_7-2013q3/bin/../lib/gcc/arm-none-eabi/4.7.4/../../../../arm-none-eabi/lib/armv7e-m/libg.a(lib_a-memset.o)

.debug
 *(.debug)

.line
 *(.line)

.debug_srcinfo
 *(.debug_srcinfo)

.debug_sfnames
 *(.debug_sfnames)

.debug_aranges  0x0000000000000000      0x288
 *(.debug_aranges)
 .debug_aranges
                0x0000000000000000       0x30 ./src/main.o
 .debug_aranges
                0x0000000000000030       0x58 ./src/tasks.o
 .debug_aranges
                0x0000000000000088       0x38 ./libs/CMSIS/src/startup_cm.o
 .debug_aranges
                0x00000000000000c0       0x20 ./libs/CMSIS/src/startup_stm32f4xx.o
 .debug_aranges
                0x00000000000000e0       0x30 ./libs/CMSIS/src/system_stm32f4xx.o
 .debug_aranges
                0x0000000000000110       0x68 ./libs/CMSIS/src/vectors_stm32f4xx.o
 .debug_aranges
                0x0000000000000178       0x20 ./RTOS/AsmStuff.o
 .debug_aranges
                0x0000000000000198       0x88 ./RTOS/uLipe_Core.o
 .debug_aranges
                0x0000000000000220       0x68 ./RTOS/uLipe_Task.o

.debug_pubnames
 *(.debug_pubnames)

.debug_info     0x0000000000000000     0x1ef9
 *(.debug_info .gnu.linkonce.wi.*)
 .debug_info    0x0000000000000000      0x268 ./src/main.o
 .debug_info    0x0000000000000268      0x4d9 ./src/tasks.o
 .debug_info    0x0000000000000741      0x2cf ./libs/CMSIS/src/startup_cm.o
 .debug_info    0x0000000000000a10       0xc0 ./libs/CMSIS/src/startup_stm32f4xx.o
 .debug_info    0x0000000000000ad0      0x62f ./libs/CMSIS/src/system_stm32f4xx.o
 .debug_info    0x00000000000010ff      0x1ba ./libs/CMSIS/src/vectors_stm32f4xx.o
 .debug_info    0x00000000000012b9       0x7a ./RTOS/AsmStuff.o
 .debug_info    0x0000000000001333      0x61d ./RTOS/uLipe_Core.o
 .debug_info    0x0000000000001950      0x5a9 ./RTOS/uLipe_Task.o

.debug_abbrev   0x0000000000000000      0x908
 *(.debug_abbrev)
 .debug_abbrev  0x0000000000000000       0xff ./src/main.o
 .debug_abbrev  0x00000000000000ff       0xaf ./src/tasks.o
 .debug_abbrev  0x00000000000001ae      0x12a ./libs/CMSIS/src/startup_cm.o
 .debug_abbrev  0x00000000000002d8       0x7d ./libs/CMSIS/src/startup_stm32f4xx.o
 .debug_abbrev  0x0000000000000355      0x13d ./libs/CMSIS/src/system_stm32f4xx.o
 .debug_abbrev  0x0000000000000492       0xd9 ./libs/CMSIS/src/vectors_stm32f4xx.o
 .debug_abbrev  0x000000000000056b       0x14 ./RTOS/AsmStuff.o
 .debug_abbrev  0x000000000000057f      0x1d9 ./RTOS/uLipe_Core.o
 .debug_abbrev  0x0000000000000758      0x1b0 ./RTOS/uLipe_Task.o

.debug_line     0x0000000000000000     0x220d
 *(.debug_line)
 .debug_line    0x0000000000000000      0x636 ./src/main.o
 .debug_line    0x0000000000000636      0x3cf ./src/tasks.o
 .debug_line    0x0000000000000a05      0x301 ./libs/CMSIS/src/startup_cm.o
 .debug_line    0x0000000000000d06      0x505 ./libs/CMSIS/src/startup_stm32f4xx.o
 .debug_line    0x000000000000120b      0x577 ./libs/CMSIS/src/system_stm32f4xx.o
 .debug_line    0x0000000000001782       0x94 ./libs/CMSIS/src/vectors_stm32f4xx.o
 .debug_line    0x0000000000001816       0xae ./RTOS/AsmStuff.o
 .debug_line    0x00000000000018c4      0x4f0 ./RTOS/uLipe_Core.o
 .debug_line    0x0000000000001db4      0x459 ./RTOS/uLipe_Task.o

.debug_frame    0x0000000000000000      0x670
 *(.debug_frame)
 .debug_frame   0x0000000000000000       0x64 ./src/main.o
 .debug_frame   0x0000000000000064       0xf0 ./src/tasks.o
 .debug_frame   0x0000000000000154       0x90 ./libs/CMSIS/src/startup_cm.o
 .debug_frame   0x00000000000001e4       0x2c ./libs/CMSIS/src/startup_stm32f4xx.o
 .debug_frame   0x0000000000000210       0x64 ./libs/CMSIS/src/system_stm32f4xx.o
 .debug_frame   0x0000000000000274      0x104 ./libs/CMSIS/src/vectors_stm32f4xx.o
 .debug_frame   0x0000000000000378      0x198 ./RTOS/uLipe_Core.o
 .debug_frame   0x0000000000000510      0x134 ./RTOS/uLipe_Task.o
 .debug_frame   0x0000000000000644       0x2c /usr/local/gcc-arm-none-eabi-4_7-2013q3/bin/../lib/gcc/arm-none-eabi/4.7.4/../../../../arm-none-eabi/lib/armv7e-m/libg.a(lib_a-memset.o)

.debug_str      0x0000000000000000    0x60264
 *(.debug_str)
 .debug_str     0x0000000000000000    0x5f6fb ./src/main.o
                                      0x5f8fb (size before relaxing)
 .debug_str     0x000000000005f6fb       0x88 ./src/tasks.o
                                       0x315b (size before relaxing)
 .debug_str     0x000000000005f783      0x139 ./libs/CMSIS/src/startup_cm.o
                                       0x320f (size before relaxing)
 .debug_str     0x000000000005f8bc       0x2c ./libs/CMSIS/src/startup_stm32f4xx.o
                                      0x5d34d (size before relaxing)
 .debug_str     0x000000000005f8e8      0x278 ./libs/CMSIS/src/system_stm32f4xx.o
                                      0x5d5b4 (size before relaxing)
 .debug_str     0x000000000005fb60       0xf3 ./libs/CMSIS/src/vectors_stm32f4xx.o
                                       0x23e8 (size before relaxing)
 .debug_str     0x000000000005fc53      0x4b1 ./RTOS/uLipe_Core.o
                                       0x58b1 (size before relaxing)
 .debug_str     0x0000000000060104      0x160 ./RTOS/uLipe_Task.o
                                       0x5781 (size before relaxing)

.debug_loc      0x0000000000000000      0xac2
 *(.debug_loc)
 .debug_loc     0x0000000000000000       0x9c ./src/main.o
 .debug_loc     0x000000000000009c      0x1c0 ./src/tasks.o
 .debug_loc     0x000000000000025c       0xe0 ./libs/CMSIS/src/startup_cm.o
 .debug_loc     0x000000000000033c       0x38 ./libs/CMSIS/src/startup_stm32f4xx.o
 .debug_loc     0x0000000000000374       0x9c ./libs/CMSIS/src/system_stm32f4xx.o
 .debug_loc     0x0000000000000410      0x1c6 ./libs/CMSIS/src/vectors_stm32f4xx.o
 .debug_loc     0x00000000000005d6      0x2d4 ./RTOS/uLipe_Core.o
 .debug_loc     0x00000000000008aa      0x218 ./RTOS/uLipe_Task.o

.debug_macinfo
 *(.debug_macinfo)

.debug_weaknames
 *(.debug_weaknames)

.debug_funcnames
 *(.debug_funcnames)

.debug_typenames
 *(.debug_typenames)

.debug_varnames
 *(.debug_varnames)
OUTPUT(uLipeRTOS.elf elf32-littlearm)

.debug_ranges   0x0000000000000000      0x1e8
 .debug_ranges  0x0000000000000000       0x20 ./src/main.o
 .debug_ranges  0x0000000000000020       0x48 ./src/tasks.o
 .debug_ranges  0x0000000000000068       0x28 ./libs/CMSIS/src/startup_cm.o
 .debug_ranges  0x0000000000000090       0x10 ./libs/CMSIS/src/startup_stm32f4xx.o
 .debug_ranges  0x00000000000000a0       0x20 ./libs/CMSIS/src/system_stm32f4xx.o
 .debug_ranges  0x00000000000000c0       0x58 ./libs/CMSIS/src/vectors_stm32f4xx.o
 .debug_ranges  0x0000000000000118       0x78 ./RTOS/uLipe_Core.o
 .debug_ranges  0x0000000000000190       0x58 ./RTOS/uLipe_Task.o

.debug_macro    0x0000000000000000     0xf62e
 .debug_macro   0x0000000000000000      0x2a6 ./src/main.o
 .debug_macro   0x00000000000002a6      0x820 ./src/main.o
 .debug_macro   0x0000000000000ac6       0x5e ./src/main.o
 .debug_macro   0x0000000000000b24       0x3b ./src/main.o
 .debug_macro   0x0000000000000b5f       0x3a ./src/main.o
 .debug_macro   0x0000000000000b99       0x10 ./src/main.o
 .debug_macro   0x0000000000000ba9       0x2e ./src/main.o
 .debug_macro   0x0000000000000bd7       0xa3 ./src/main.o
 .debug_macro   0x0000000000000c7a      0x20e ./src/main.o
 .debug_macro   0x0000000000000e88       0x2d ./src/main.o
 .debug_macro   0x0000000000000eb5       0x42 ./src/main.o
 .debug_macro   0x0000000000000ef7      0xd39 ./src/main.o
 .debug_macro   0x0000000000001c30     0x8bb0 ./src/main.o
 .debug_macro   0x000000000000a7e0      0x44f ./src/main.o
 .debug_macro   0x000000000000ac2f       0xb2 ./src/main.o
 .debug_macro   0x000000000000ace1      0x477 ./src/main.o
 .debug_macro   0x000000000000b158       0xae ./src/main.o
 .debug_macro   0x000000000000b206      0x41c ./src/main.o
 .debug_macro   0x000000000000b622      0x2a4 ./src/main.o
 .debug_macro   0x000000000000b8c6      0x2bb ./src/main.o
 .debug_macro   0x000000000000bb81       0x64 ./src/main.o
 .debug_macro   0x000000000000bbe5       0xe7 ./src/main.o
 .debug_macro   0x000000000000bccc      0x62f ./src/main.o
 .debug_macro   0x000000000000c2fb      0x57b ./src/main.o
 .debug_macro   0x000000000000c876      0x342 ./src/main.o
 .debug_macro   0x000000000000cbb8      0x36c ./src/main.o
 .debug_macro   0x000000000000cf24       0xf7 ./src/main.o
 .debug_macro   0x000000000000d01b      0x73b ./src/main.o
 .debug_macro   0x000000000000d756      0x223 ./src/main.o
 .debug_macro   0x000000000000d979       0x34 ./src/main.o
 .debug_macro   0x000000000000d9ad       0x82 ./src/main.o
 .debug_macro   0x000000000000da2f      0x144 ./src/main.o
 .debug_macro   0x000000000000db73       0xc3 ./src/main.o
 .debug_macro   0x000000000000dc36       0x40 ./src/main.o
 .debug_macro   0x000000000000dc76      0x3cf ./src/main.o
 .debug_macro   0x000000000000e045      0x188 ./src/main.o
 .debug_macro   0x000000000000e1cd      0x149 ./src/main.o
 .debug_macro   0x000000000000e316      0x279 ./src/main.o
 .debug_macro   0x000000000000e58f       0x35 ./src/main.o
 .debug_macro   0x000000000000e5c4       0x10 ./src/main.o
 .debug_macro   0x000000000000e5d4       0x89 ./src/main.o
 .debug_macro   0x000000000000e65d       0x10 ./src/main.o
 .debug_macro   0x000000000000e66d       0x3a ./src/main.o
 .debug_macro   0x000000000000e6a7       0x52 ./src/main.o
 .debug_macro   0x000000000000e6f9       0x19 ./src/main.o
 .debug_macro   0x000000000000e712      0x16d ./src/main.o
 .debug_macro   0x000000000000e87f       0x10 ./src/main.o
 .debug_macro   0x000000000000e88f       0xfc ./src/main.o
 .debug_macro   0x000000000000e98b       0x22 ./src/main.o
 .debug_macro   0x000000000000e9ad       0x91 ./src/main.o
 .debug_macro   0x000000000000ea3e       0x16 ./src/main.o
 .debug_macro   0x000000000000ea54      0x16d ./src/main.o
 .debug_macro   0x000000000000ebc1       0x16 ./src/main.o
 .debug_macro   0x000000000000ebd7       0x22 ./src/main.o
 .debug_macro   0x000000000000ebf9       0x9e ./src/tasks.o
 .debug_macro   0x000000000000ec97       0x10 ./src/tasks.o
 .debug_macro   0x000000000000eca7       0xa7 ./libs/CMSIS/src/startup_cm.o
 .debug_macro   0x000000000000ed4e      0x1b7 ./libs/CMSIS/src/startup_stm32f4xx.o
 .debug_macro   0x000000000000ef05      0x1db ./libs/CMSIS/src/system_stm32f4xx.o
 .debug_macro   0x000000000000f0e0       0x11 ./libs/CMSIS/src/vectors_stm32f4xx.o
 .debug_macro   0x000000000000f0f1      0x164 ./RTOS/uLipe_Core.o
 .debug_macro   0x000000000000f255       0x10 ./RTOS/uLipe_Core.o
 .debug_macro   0x000000000000f265       0x35 ./RTOS/uLipe_Core.o
 .debug_macro   0x000000000000f29a       0x1c ./RTOS/uLipe_Core.o
 .debug_macro   0x000000000000f2b6      0x214 ./RTOS/uLipe_Core.o
 .debug_macro   0x000000000000f4ca      0x164 ./RTOS/uLipe_Task.o
